---
source: crates/dejadb-core/tests/tool_schema_snapshots.rs
expression: "render_json(&t, ProviderKind::AnthropicTools).unwrap()"
---
{
  "description": "Post a message to a Slack channel.",
  "input_examples": [
    {
      "channel": "#ops",
      "text": "deploy finished"
    }
  ],
  "input_schema": {
    "properties": {
      "channel": {
        "description": "Channel ID or name",
        "type": "string"
      },
      "text": {
        "description": "Message body",
        "type": "string"
      },
      "thread_ts": {
        "description": "Optional thread timestamp",
        "type": "string"
      }
    },
    "required": [
      "channel",
      "text"
    ],
    "type": "object"
  },
  "name": "slack_post_message"
}
