---
source: crates/dejadb-context/tests/snapshot_render.rs
expression: annotate(&ctx)
---
included=1 omitted=4 truncated=true estimated_tokens=46
---
[{"context_data":{"label":"planning_phase"},"created_at":"2025-02-19","hash":"1111111111111111111111111111111111111111111111111111111111111111","label":"planning_phase","type":"state"}]
